
R version 3.5.3 (2019-03-11) -- "Great Truth"
Copyright (C) 2019 The R Foundation for Statistical Computing
Platform: x86_64-apple-darwin15.6.0 (64-bit)

R is free software and comes with ABSOLUTELY NO WARRANTY.
You are welcome to redistribute it under certain conditions.
Type 'license()' or 'licence()' for distribution details.

  Natural language support but running in an English locale

R is a collaborative project with many contributors.
Type 'contributors()' for more information and
'citation()' on how to cite R or R packages in publications.

Type 'demo()' for some demos, 'help()' for on-line help, or
'help.start()' for an HTML browser interface to help.
Type 'q()' to quit R.

> pkgname <- "exampletestr"
> source(file.path(R.home("share"), "R", "examples-header.R"))
> options(warn = 1)
> library('exampletestr')
> 
> base::assign(".oldSearch", base::search(), pos = 'CheckExEnv')
> base::assign(".old_wd", base::getwd(), pos = 'CheckExEnv')
> cleanEx()
> nameEx("make-test-shells")
> ### * make-test-shells
> 
> flush(stderr()); flush(stdout())
> 
> ### Name: make-test-shells
> ### Title: Create test shells.
> ### Aliases: make-test-shells make_test_shell_fun make_tests_shells_file
> ###   make_tests_shells_pkg
> 
> ### ** Examples
> 
> usethis::create_package(tempdir(check = TRUE), open = FALSE)
[32mâœ”[39m Setting active project to [34m'/private/var/folders/l_/2mwm03p55zg7zjykv084hhvr0000gn/T/RtmpJsmCKz'[39m
Warning: `recursive` is deprecated, please use `recurse` instead
[32mâœ”[39m Creating [34m'R/'[39m
[32mâœ”[39m Writing [34m'DESCRIPTION'[39m
[34mPackage[39m: RtmpJsmCKz
[34mTitle[39m: What the Package Does (One Line, Title Case)
[34mVersion[39m: 0.0.0.9000
[34mAuthors@R[39m (parsed):
    * First Last <first.last@example.com> [aut, cre] (<https://orcid.org/YOUR-ORCID-ID>)
[34mDescription[39m: What the package does (one paragraph).
[34mLicense[39m: What license it uses
[34mEncoding[39m: UTF-8
[34mLazyData[39m: true
[32mâœ”[39m Writing [34m'NAMESPACE'[39m
[32mâœ”[39m Setting active project to [34m'<no active project>'[39m
> file.copy(system.file("extdata", c("detect.R", "match.R"),
+                       package = "exampletestr"),
+           paste0(tempdir(), "/R"))
[1] TRUE TRUE
> make_test_shell_fun("str_detect()", document = TRUE, open = FALSE,
+                     pkg_dir = tempdir())
Running [90m`roxygen2::roxygenize()`[39m . . .
Updating roxygen version in /private/var/folders/l_/2mwm03p55zg7zjykv084hhvr0000gn/T/RtmpJsmCKz/DESCRIPTION
Loading RtmpJsmCKz
Error in intmat_list_bind_nth_rows(instances, n - 1) : 
  could not find function "intmat_list_bind_nth_rows"
Calls: make_test_shell_fun ... str_after_nth -> str_nth_instance_indices -> %>% -> eval -> eval
Execution halted
