
R version 4.0.2 (2020-06-22) -- "Taking Off Again"
Copyright (C) 2020 The R Foundation for Statistical Computing
Platform: x86_64-apple-darwin17.0 (64-bit)

R is free software and comes with ABSOLUTELY NO WARRANTY.
You are welcome to redistribute it under certain conditions.
Type 'license()' or 'licence()' for distribution details.

R is a collaborative project with many contributors.
Type 'contributors()' for more information and
'citation()' on how to cite R or R packages in publications.

Type 'demo()' for some demos, 'help()' for on-line help, or
'help.start()' for an HTML browser interface to help.
Type 'q()' to quit R.

> library(testthat)
> library(ijtiff)
> 
> print(Sys.info())
                                                                                           sysname 
                                                                                          "Darwin" 
                                                                                           release 
                                                                                          "19.6.0" 
                                                                                           version 
"Darwin Kernel Version 19.6.0: Thu Jun 18 20:49:00 PDT 2020; root:xnu-6153.141.1~1/RELEASE_X86_64" 
                                                                                          nodename 
                                                                       "Rorys-MacBook-Pro-8.local" 
                                                                                           machine 
                                                                                          "x86_64" 
                                                                                             login 
                                                                                            "root" 
                                                                                              user 
                                                                                          "rnolan" 
                                                                                    effective_user 
                                                                                          "rnolan" 
> 
> test_check("ijtiff")
NULL
NULL
NULL
NULL
NULL
NULL
══ testthat results  ═══════════════════════════════════════════════════════════
[ OK: 109 | SKIPPED: 0 | WARNINGS: 0 | FAILED: 0 ]
> 
> proc.time()
   user  system elapsed 
  6.275   0.587   8.458 
